----------------------------
*            QAA           *
----------------------------

Kaitlyn L       4_2C_mbnl_S4_L008       4_2C_mbnl_S4_L008

data location 
/projects/bgmp/shared/2017_sequencing/demultiplexed/
/projects/bgmp/shared/2017_sequencing/demultiplexed/4_2C_mbnl_S4_L008_R1_001.fastq.gz 
/projects/bgmp/shared/2017_sequencing/demultiplexed/4_2C_mbnl_S4_L008_R2_001.fastq.gz 

Run interactive session in talapas:
$ srun --account=bgmp --partition=bgmp --nodes=1 --ntasks-per-node=1 --time=1:00:00 --cpus-per-task=1 --pty bash

for each command:
$ /usr/bin/time -v 
------------------------------------------------------------------------------------------------------------------------
08/31/2022
------------------------------------------------------------------------------------------------------------------------
____________________________________________________________________________________________________
# Part 1 – Read quality score distributions
____________________________________________________________________________________________________

ran 
$ /usr/bin/time -v fastqc 
    /projects/bgmp/shared/2017_sequencing/demultiplexed/4_2C_mbnl_S4_L008_R1_001.fastq.gz 
    /projects/bgmp/shared/2017_sequencing/demultiplexed/4_2C_mbnl_S4_L008_R2_001.fastq.gz 
    --outdir=/projects/bgmp/kli8/bioinformatics/Bi622/QAA
needed to specify output directory otherwise it will try to write to original data directory and throw permission error
timer counted 1:49.78

unzipped the results to see plots 
    quality score distributions
    the per-base N content
    quality score 

from /projects/bgmp/kli8/bioinformatics/Bi622/Demultiplex/Assignment-the-first/qdist.srun
    /usr/bin/time -v python $py_path -f $1 -r $2 -i $3 -d $4
seq length is 101
filename, readlength, iteration, result directory
$ sbatch /projects/bgmp/kli8/bioinformatics/Bi622/Demultiplex/Assignment-the-first/qdist.srun 
    /projects/bgmp/shared/2017_sequencing/demultiplexed/4_2C_mbnl_S4_L008_R1_001.fastq.gz
    101
    2
    /projects/bgmp/kli8/bioinformatics/Bi622/QAA
running qdist on both files to see how they compare to fastqc files. 
finished running. timer gave 11:55.70

to check for how to load modules:
    module spider [module name]

making conda environment
$ conda create --name bgmp-qaa python=3.10
$ conda activate bgmp-qaa
$ conda install cutadapt
$ conda install Trimmomatic
also star, numpy, pysam, matplotlib, htseq

------------------------------------------------------------------------------------------------------------------------
08/31/2022
------------------------------------------------------------------------------------------------------------------------
from previous section:
bioinformatics/Bi623/QAA/output/qdist_21831678.err
Command being timed: "python 
    /projects/bgmp/kli8/bioinformatics/Bi622/Demultiplex/Assignment-the-first/distr_q.py 
    -f /projects/bgmp/shared/2017_sequencing/demultiplexed/4_2C_mbnl_S4_L008_R1_001.fastq.gz 
    -r 101 
    -i 2 
    -d /projects/bgmp/kli8/bioinformatics/Bi622/QAA"
	User time (seconds): 698.82

    ^ this made hist2. rename hist2 to 4_2C_mbnl_S4_L008_R1_hist.png
    hist 3 is thus 4_2C_mbnl_S4_L008_R2_hist.png

Command being timed:
    "python 
    /projects/bgmp/kli8/bioinformatics/Bi622/Demultiplex/Assignment-the-first/distr_q.py 
    -f /projects/bgmp/shared/2017_sequencing/demultiplexed/4_2C_mbnl_S4_L008_R2_001.fastq.gz 
    -r 101 
    -i 3 
    -d /projects/bgmp/kli8/bioinformatics/Bi622/QAA"
	User time (seconds): 713.77
____________________________________________________________________________________________________
# Part 2 – Adaptor trimming comparison
____________________________________________________________________________________________________
from fastqc_data.txt of R2 
    >>Overrepresented sequences	warn
    #Sequence	Count	Percentage	Possible Source
    CCTCACCCGGCCCGGACACGGACAGGATTGACAGATTGATAGCTCTTTCT	11643	0.12566263484206205	No Hit
    CCTGCCAGTAGCATATGCTTGTCTCAAAGATTAAGCCATGCATGTCTAAG	10455	0.1128405777955646	No Hit
    >>END_MODULE
However, from Leslie and illumina support:
    R1: ```AGATCGGAAGAGCACACGTCTGAACTCCAGTCA```
    
    R2: ```AGATCGGAAGAGCGTCGTGTAGGGAAAGAGTGT```
Will use the ones recommended by illumina. 

from cutadapt --help
cutadapt removes adapter sequences from high-throughput sequencing reads.

Usage:
    cutadapt -a ADAPTER [options] [-o output.fastq] input.fastq

For paired-end reads:
    cutadapt -a ADAPT1 -A ADAPT2 [options] -o out1.fastq -p out2.fastq in1.fastq in2.fastq

Replace "ADAPTER" with the actual sequence of your 3' adapter.

before using cutadapt, checked for adapters in every line using:
$ grep --color  AGATCGGAAGAGCACACGTCTGAACTCCAGTCA /projects/bgmp/shared/2017_sequencing/demultiplexed/4_2C_mbnl_S4_L008_R1_001.fastq.gz 
$ grep --color  AGATCGGAAGAGCGTCGTGTAGGGAAAGAGTGT /projects/bgmp/shared/2017_sequencing/demultiplexed/4_2C_mbnl_S4_L008_R2_001.fastq.gz 


ran
$ cutadapt -a AGATCGGAAGAGCACACGTCTGAACTCCAGTCA -o cutadapt_results/4_2C_mbnl_S4_L008_R1.fastq /projects/bgmp/shared/2017_sequencing/demultiplexed/4_2C_mbnl_S4_L008_R1_001.fastq.gz 
$ cutadapt -a AGATCGGAAGAGCGTCGTGTAGGGAAAGAGTGT -o cutadapt_results/4_2C_mbnl_S4_L008_R2.fastq /projects/bgmp/shared/2017_sequencing/demultiplexed/4_2C_mbnl_S4_L008_R2_001.fastq.gz 

reran the grep code from above on the results of cutadapt, and no more adapter sequences were found. 
however, the cutadapt results above assume that they're single end reads. also running paired end cutadapts just in case. 
$ /usr/bin/time -v 
    cutadapt -a AGATCGGAAGAGCACACGTCTGAACTCCAGTCA 
    -A AGATCGGAAGAGCGTCGTGTAGGGAAAGAGTGT 
    -o cutadapt_results/paired_4_2C_mbnl_S4_L008_R1.fastq 
    -p cutadapt_results/paired_4_2C_mbnl_S4_L008_R2.fastq 
    /projects/bgmp/shared/2017_sequencing/demultiplexed/4_2C_mbnl_S4_L008_R1_001.fastq.gz 
    /projects/bgmp/shared/2017_sequencing/demultiplexed/4_2C_mbnl_S4_L008_R2_001.fastq.gz 

Trimmomatic parameters

PE [-version] [-threads <threads>] [-phred33|-phred64] [-trimlog <trimLogFile>] [-summary <statsSummaryFile>] [-quiet] [-validatePairs] [-basein <inputBase> | <inputFile1> <inputFile2>] [-baseout <outputBase> | <outputFile1P> <outputFile1U> <outputFile2P> <outputFile2U>] <trimmer1>...
   or: 
SE [-version] [-threads <threads>] [-phred33|-phred64] [-trimlog <trimLogFile>] [-summary <statsSummaryFile>] [-quiet] <inputFile> <outputFile> <trimmer1>...

The current trimming steps are:
ILLUMINACLIP: Cut adapter and other illumina-specific sequences from the read.
SLIDINGWINDOW: Performs a sliding window trimming approach. It starts
scanning at the 5‟ end and clips the read once the average quality within the window
falls below a threshold.
MAXINFO: An adaptive quality trimmer which balances read length and error rate to
maximise the value of each read
LEADING: Cut bases off the start of a read, if below a threshold quality
TRAILING: Cut bases off the end of a read, if below a threshold quality
CROP: Cut the read to a specified length by removing bases from the end
HEADCROP: Cut the specified number of bases from the start of the read
MINLEN: Drop the read if it is below a specified length
AVGQUAL: Drop the read if the average quality is below the specified level
TOPHRED33: Convert quality scores to Phred-33
TOPHRED64: Convert quality scores to Phred-64

we want:
LEADING, TRAILING, SLIDINGWINDOW, MINLEN

examples:

Paired End
java -jar trimmomatic-0.30.jar PE s_1_1_sequence.txt.gz s_1_2_sequence.txt.gz
lane1_forward_paired.fq.gz lane1_forward_unpaired.fq.gz lane1_reverse_paired.fq.gz
lane1_reverse_unpaired.fq.gz ILLUMINACLIP:TruSeq3-PE.fa:2:30:10 LEADING:3
TRAILING:3 SLIDINGWINDOW:4:15 MINLEN:36

This will perform the following in this order
Remove Illumina adapters provided in the TruSeq3-PE.fa file (provided). Initially
Trimmomatic will look for seed matches (16 bases) allowing maximally 2
mismatches. These seeds will be extended and clipped if in the case of paired end
reads a score of 30 is reached (about 50 bases), or in the case of single ended reads a
score of 10, (about 17 bases).
Remove leading low quality or N bases (below quality 3)
Remove trailing low quality or N bases (below quality 3)
Scan the read with a 4-base wide sliding window, cutting when the average quality per
base drops below 15
Drop reads which are less than 36 bases long after these steps

Single End
java -jar trimmomatic-0.30.jar SE s_1_1_sequence.txt.gz lane1_forward.fq.gz
ILLUMINACLIP:TruSeq3-SE:2:30:10 LEADING:3 TRAILING:3 SLIDINGWINDOW:4:15
MINLEN:36

our parameters will be 
    - LEADING: quality of 3
    - TRAILING: quality of 3
    - SLIDING WINDOW: window size of 5 and required quality of 15
    - MINLENGTH: 35 bases

for single end:
$ /usr/bin/time -v trimmomatic SE cutadapt_results/4_2C_mbnl_S4_L008_R1.fastq trimmomatic_results/4_2C_mbnl_S4_L008_R1.fastq LEADING:3 TRAILING:3 SLIDINGWINDOW:5:15 MINLEN:35 
$ /usr/bin/time -v trimmomatic SE cutadapt_results/4_2C_mbnl_S4_L008_R2.fastq trimmomatic_results/4_2C_mbnl_S4_L008_R2.fastq LEADING:3 TRAILING:3 SLIDINGWINDOW:5:15 MINLEN:35 

for paired end
$ /usr/bin/time -v trimmomatic PE cutadapt_results/paired_4_2C_mbnl_S4_L008_R1.fastq cutadapt_results/paired_4_2C_mbnl_S4_L008_R2.fastq trimmomatic_results/paired_4_2C_mbnl_S4_L008_R1.fastq trimmomatic_results/paired_4_2C_mbnl_S4_L008_R2.fastq LEADING:3 TRAILING:3 SLIDINGWINDOW:5:15 MINLEN:35

------------------------------------------------------------------------------------------------------------------------
09/01/2022
------------------------------------------------------------------------------------------------------------------------
used pigz to zip the files in cutadapt_results to immediately make zipped outputs for trimmomatic_results

From the documentation: Paired-end mode requires 2 input files (for forward and reverse reads) and 4 output files (for
forward paired, forward unpaired, reverse paired and reverse unpaired reads).

for paired end, modified
$ /usr/bin/time -v trimmomatic PE cutadapt_results/paired_4_2C_mbnl_S4_L008_R1.fastq.gz cutadapt_results/paired_4_2C_mbnl_S4_L008_R2.fastq.gz trimmomatic_results/paired_fwd_4_2C_mbnl_S4_L008_R1.fastq.gz trimmomatic_results/unpaired_fwd_4_2C_mbnl_S4_L008_R1.fastq.gz trimmomatic_results/paired_rev_4_2C_mbnl_S4_L008_R2.fastq.gz trimmomatic_results/unpaired_rev_4_2C_mbnl_S4_L008_R2.fastq.gz LEADING:3 TRAILING:3 SLIDINGWINDOW:5:15 MINLEN:35
time : 7:32.09

$ zcat /projects/bgmp/shared/2017_sequencing/demultiplexed/4_2C_mbnl_S4_L008_R1_001.fastq.gz | grep -c '@'
9265284

$ zcat /projects/bgmp/shared/2017_sequencing/demultiplexed/4_2C_mbnl_S4_L008_R2_001.fastq.gz | grep -c '@'
9265284

------------------------------------------------------------------------------------------------------------------------
09/06/2022
------------------------------------------------------------------------------------------------------------------------
Still  need to plot trimmed read length distributions for R1 and R2 reads on the same plot. 

redoing line counts after trimmomatic

$ zcat /projects/bgmp/kli8/bioinformatics/Bi623/QAA/trimmomatic_results/4_2C_mbnl_S4_L008_R1.fastq.gz | wc -l 
37005548 / 4 = 9251387 

$ zcat /projects/bgmp/kli8/bioinformatics/Bi623/QAA/trimmomatic_results/4_2C_mbnl_S4_L008_R2.fastq.gz | wc -l 
35946588 / 4 = 8986647 

back to the question of paired vs unpaired:
R1 header
@K00337:83:HJKJNBBXX:8:1101:3782:1191 1:N:0:NACAGCGA+NCGCTGTT
R2 header
@K00337:83:HJKJNBBXX:8:1101:3782:1191 2:N:0:NACAGCGA+NCGCTGTT

looks like the 1 and 2 indicate the member of a pair, 1 or 2 (paired-end or mate-pair reads only)

rerunning wc and python on paired results from trimmomatic
/projects/bgmp/kli8/bioinformatics/Bi623/QAA/trimmomatic_results/paired_fwd_4_2C_mbnl_S4_L008_R1.fastq.gz
35921520/4 = 8980380
/projects/bgmp/kli8/bioinformatics/Bi623/QAA/trimmomatic_results/paired_rev_4_2C_mbnl_S4_L008_R2.fastq.gz
35921520/4 = 8980380

____________________________________________________________________________________________________
# Part 3 – Alignment and strand-specificity
____________________________________________________________________________________________________
load modules
    - star
    - numpy
    - pysam
    - matplotlib
    - htseq

for star:
    STAR/2.5.3a-intel-2017b
    ml racs-eb/1          #ml is built in alias for module load

for numpy:
    racs-eb/1

for pysam:
    a lot of versions. Pysam/0.13.0-intel-2017b-Python-3.6.3 seems to be the most up to date

for matplotlib:
    matplotlib/2.1.1-intel-2017b-Python-3.6.3

for htseq: 
    HTSeq/0.9.1-Python-3.6.1
    easybuild  icc/2017.1.132-GCC-6.3.0-2.27  impi/2017.1.132
      easybuild  ifort/2017.1.132-GCC-6.3.0-2.27  impi/2017.1.132
      eb-hide/1  icc/2017.1.132-GCC-6.3.0-2.27  impi/2017.1.132
      eb-hide/1  ifort/2017.1.132-GCC-6.3.0-2.27  impi/2017.1.132

------------------------------------------------------------------------------------------------------------------------
09/06/2022
------------------------------------------------------------------------------------------------------------------------
getting files from ensembl to make alignment database

in new directory mus/
$ wget http://ftp.ensembl.org/pub/release-107/fasta/mus_musculus/dna/Mus_musculus.GRCm39.dna_sm.primary_assembly.fa.gz
$ wget http://ftp.ensembl.org/pub/release-107/gtf/mus_musculus/Mus_musculus.GRCm39.107.gtf.gz

ran sbatch on /projects/bgmp/kli8/bioinformatics/Bi621/PS/ps8-kaijli/mkdatabase.srun with some changes to file name input
however, first run ran error 
    samtools: /gpfs/projects/bgmp/kli8/miniconda3/envs/bgmp_py310/bin/../lib/libncursesw.so.6: no version information available (required by samtools)

    EXITING because of INPUT ERROR: could not open genomeFastaFile: -

checked installation of SAMTOOLS in terminal, and also installed just in case. 
looks like --version is the only thing that throws the error.
samtools also looks like it updated ever since Bi621
    samtools 1.15.1
    Using htslib 1.15.1

commented out 'samtools --version' but it still throws one of the errors:
    EXITING because of INPUT ERROR: could not open genomeFastaFile: -

    Sep 06 13:45:18 ...... FATAL ERROR, exiting
    Command exited with non-zero status 104
        Command being timed: "STAR --runThreadN 8 --runMode genomeGenerate"

STAR version is still the same. 
one difference I just noticed is that the fasta intake did not like the .gz file potentially, so i added a zcat. 
still upset. i'll gunzip i guess. 
moved .gtf file to one above .fa file. 

$ sbatch /projects/bgmp/kli8/bioinformatics/Bi621/PS/ps8-kaijli/mkdatabase.srun 
    /projects/bgmp/kli8/bioinformatics/Bi623/QAA/Mus_musculus.GRCm39.dna_sm.ens107.STAR_2.7.1a
    /projects/bgmp/kli8/bioinformatics/Bi623/QAA/mus/Mus_musculus.GRCm39.dna_sm.primary_assembly.fa
    /projects/bgmp/kli8/bioinformatics/Bi623/QAA/Mus_musculus.GRCm39.107.gtf
Submitted batch job 22205874
still throwing same error 
    EXITING because of INPUT ERROR: could not open genomeFastaFile: -

i had commented out a bunch of the options for PS8 in the middle of the command
moved those to a different part of the script and mkdb has been running for 2 minutes now. 

finished successfully
    Elapsed (wall clock) time (h:mm:ss or m:ss): 18:24.19

ran alignment to paired_fwd_4_2C_mbnl_S4_L008_R1 and paired_rev_4_2C_mbnl_S4_L008_R2
    $ sbatch /projects/bgmp/kli8/bioinformatics/Bi621/PS/ps8-kaijli/align.srun
        Submitted batch job 22205955
        Elapsed (wall clock) time (h:mm:ss or m:ss): 1:21.21

------------------------------------------------------------------------------------------------------------------------
09/06/2022
------------------------------------------------------------------------------------------------------------------------
"9. Using your script from PS8 in Bi621, report the number of mapped and unmapped reads from each of your 2 sam files. 
    Make sure that your script is looking at the bitwise flag to determine if reads are primary or secondary mapping 
    (update/fix your script if necessary)."

    there are two files noted in the question above, but i've only run align.srun on the two paired files.
    am i supposed to run on paired and unpaired, from the trimmomatic results?

apparently, other student were assigned two different files from the beginning
while i was assigned the same file twice... going to talk to leslie about this 
she said i can write at the top of my report in big letters that she gave me 
the same file twice.

now attempting to run htseq-count. 
    $ /usr/bin/time -v htseq-count mus.Aligned.out.sam Mus_musculus.GRCm39.107.gtf --stranded=yes > stranded_htseq-count
    $ /usr/bin/time -v htseq-count mus.Aligned.out.sam Mus_musculus.GRCm39.107.gtf --stranded=reverse > reverse_htseq-count

wrote results to files by piping and wrote batch script for submission. 
wrote a script for genecounts that also wrote a file of the results. 
    /projects/bgmp/kli8/bioinformatics/Bi623/QAA/genecount.srun


results
reverse mapped: 7237594
stranded mapped: 361716
reverse total: 8980380
stranded total: 8980380

reverse: 80.59%
stranded: 4.03%

this is stranded, because if they weren't, then they'd be around the same percentage. 
